// Jest Snapshot v1, https://goo.gl/fbAQLP

exports[`Error gets rendered 1`] = `
<div
  className="error"
>
  Danger! Danger!
</div>
`;
